../Core/Src/led_traffic.c:9:6:setLEDRED1	8	static
../Core/Src/led_traffic.c:13:6:setLEDYELLOW1	8	static
../Core/Src/led_traffic.c:17:6:setLEDGREEN1	8	static
../Core/Src/led_traffic.c:22:6:setLEDRED2	8	static
../Core/Src/led_traffic.c:26:6:setLEDYELLOW2	8	static
../Core/Src/led_traffic.c:30:6:setLEDGREEN2	8	static
../Core/Src/led_traffic.c:35:6:setLEDRED3	8	static
../Core/Src/led_traffic.c:39:6:setLEDYELLOW3	8	static
../Core/Src/led_traffic.c:43:6:setLEDGREEN3	8	static
../Core/Src/led_traffic.c:48:6:clearLED1	8	static
../Core/Src/led_traffic.c:53:6:clearLED2	8	static
../Core/Src/led_traffic.c:58:6:clearLED3	8	static
../Core/Src/led_traffic.c:63:6:display7SEG_a	16	static
../Core/Src/led_traffic.c:100:6:display7SEG_b	16	static
